2026-09-18T07:00:44+00:00	?	?	TEST/PRZERWANY	S/N SR203012345678, profil SR203_SR204: Utrata interlocka
2026-09-18T07:01:01+00:00	?	?	TEST/PRZERWANY	S/N SR203012345678, profil SR203_SR204: Utrata interlocka
2026-09-18T07:01:02+00:00	?	?	PROFILE/INTEGRALNOSC	SR203_SR204.json: tresc zmieniona poza panelem (oczekiwano 73F9B3FB8CD822A1..., jest 33C27A84B1B85C6E...)
2026-09-18T07:01:02+00:00	?	?	PROFILE/INTEGRALNOSC	SR203_SR204: manifest lokalny zaktualizowany po zapisie
2026-09-18T07:01:36+00:00	?	?	TEST/PRZERWANY	S/N SR203012345678, profil SR203_SR204: Utrata interlocka
2026-09-18T07:01:37+00:00	?	?	PROFILE/INTEGRALNOSC	SR203_SR204.json: tresc zmieniona poza panelem (oczekiwano 73F9B3FB8CD822A1..., jest 33C27A84B1B85C6E...)
2026-09-18T07:01:37+00:00	?	?	PROFILE/INTEGRALNOSC	SR203_SR204: manifest lokalny zaktualizowany po zapisie
2026-09-18T09:05:12+02:00	BYDL044	Kacper.Urbanowicz	TEST/PRZERWANY	S/N SR203012345678, profil SR203_SR204: Utrata interlocka
2026-09-18T09:05:21+02:00	BYDL044	Kacper.Urbanowicz	PROFILE/INTEGRALNOSC	SR203_SR204.json: tresc zmieniona poza panelem (oczekiwano 8D35D2F340BA3C67..., jest 8B0FACDC79B183D2...)
2026-09-18T09:05:21+02:00	BYDL044	Kacper.Urbanowicz	PROFILE/INTEGRALNOSC	SR203_SR204: manifest lokalny zaktualizowany po zapisie
2026-09-22T11:13:08+02:00	BYDL044	Kacper.Urbanowicz	PANEL/WEJSCIE	
2026-09-22T13:46:26+02:00	BYDL044	Kacper.Urbanowicz	PANEL/WEJSCIE	
2026-09-22T14:26:24+02:00	BYDL044	Kacper.Urbanowicz	PANEL/WEJSCIE	
2026-09-22T14:28:29+02:00	BYDL044	Kacper.Urbanowicz	PANEL/WEJSCIE	
2026-09-22T14:29:12+02:00	BYDL044	Kacper.Urbanowicz	PANEL/WEJSCIE	
2026-09-23T11:30:50+02:00	BYDL044	Kacper.Urbanowicz	TEST/PRZERWANY	S/N SR203012345678, profil SR203_SR204: Utrata interlocka
2026-09-23T11:30:51+02:00	BYDL044	Kacper.Urbanowicz	PROFILE/INTEGRALNOSC	SR203_SR204: manifest lokalny zaktualizowany po zapisie
2026-09-23T11:30:54+02:00	BYDL044	Kacper.Urbanowicz	PROFILE/INTEGRALNOSC	SR203_SR204.json: tresc zmieniona poza panelem (oczekiwano 8D35D2F340BA3C67..., jest 8B0FACDC79B183D2...)
2026-09-23T11:30:54+02:00	BYDL044	Kacper.Urbanowicz	PROFILE/INTEGRALNOSC	SR203_SR204: manifest lokalny zaktualizowany po zapisie
2026-09-23T11:31:44+02:00	BYDL044	Kacper.Urbanowicz	TEST/PRZERWANY	S/N SR203012345678, profil SR203_SR204: Utrata interlocka
2026-09-23T11:31:45+02:00	BYDL044	Kacper.Urbanowicz	PROFILE/INTEGRALNOSC	SR203_SR204: manifest lokalny zaktualizowany po zapisie
2026-09-23T11:31:48+02:00	BYDL044	Kacper.Urbanowicz	PROFILE/INTEGRALNOSC	SR203_SR204.json: tresc zmieniona poza panelem (oczekiwano 8D35D2F340BA3C67..., jest 8B0FACDC79B183D2...)
2026-09-23T11:31:48+02:00	BYDL044	Kacper.Urbanowicz	PROFILE/INTEGRALNOSC	SR203_SR204: manifest lokalny zaktualizowany po zapisie
2026-09-29T08:49:32+02:00	BYDL044	Kacper.Urbanowicz	PANEL/WEJSCIE	
2026-09-29T08:50:24+02:00	BYDL044	Kacper.Urbanowicz	TEST/PRZERWANY	S/N SR203012345678, profil SR203_SR204: Utrata interlocka
2026-09-29T08:50:25+02:00	BYDL044	Kacper.Urbanowicz	PROFILE/INTEGRALNOSC	SR203_SR204: manifest lokalny zaktualizowany po zapisie
2026-09-29T08:50:28+02:00	BYDL044	Kacper.Urbanowicz	PROFILE/INTEGRALNOSC	SR203_SR204.json: tresc zmieniona poza panelem (oczekiwano 8D35D2F340BA3C67..., jest 8B0FACDC79B183D2...)
2026-09-29T08:50:28+02:00	BYDL044	Kacper.Urbanowicz	PROFILE/INTEGRALNOSC	SR203_SR204: manifest lokalny zaktualizowany po zapisie
2026-10-02T14:36:50+02:00	BYDL044	Kacper.Urbanowicz	PANEL/WEJSCIE	
2026-10-05T13:01:24+02:00	BYDL044	Kacper.Urbanowicz	PANEL/WEJSCIE	
2026-10-05T13:01:44+02:00	BYDL044	Kacper.Urbanowicz	TEST/PRZERWANY	S/N SR203012345678, profil SR203_SR204: Utrata interlocka
2026-10-05T13:01:44+02:00	BYDL044	Kacper.Urbanowicz	PROFILE/INTEGRALNOSC	SR203_SR204: manifest lokalny zaktualizowany po zapisie
2026-10-05T13:01:49+02:00	BYDL044	Kacper.Urbanowicz	PROFILE/INTEGRALNOSC	SR203_SR204.json: tresc zmieniona poza panelem (oczekiwano 4BAFBEBB79649A0A..., jest 506CF43452681220...)
2026-10-05T13:01:49+02:00	BYDL044	Kacper.Urbanowicz	PROFILE/INTEGRALNOSC	SR203_SR204: manifest lokalny zaktualizowany po zapisie
