
[08:16:19.432327][OUT] ========================================================================
[08:16:19.432751][OUT] [RUNTIME] Start sesji: 2026-08-20T08:16:19+02:00
[08:16:19.432888][OUT] [RUNTIME] PID: 93008
[08:16:19.433027][OUT] [RUNTIME] Python: 3.13.3 | frozen=False
[08:16:19.433171][OUT] [RUNTIME] Log: C:\Users\kacper.urbanowicz\PycharmProjects\hipot_main_units\app_runtime_logs\hipot_20260820.log
[08:16:19.433286][OUT] ========================================================================
[08:16:19.639569][OUT] [RUNTIME] Reconext Hi-Pot 2.0.0
[08:16:19.639683][OUT] [RUNTIME] Diagnostyka sesji: C:\Users\kacper.urbanowicz\PycharmProjects\hipot_main_units\app_runtime_logs\hipot_20260820.log
[08:16:19.655447][OUT] [RUNTIME] Stanowisko: HIPOT-SR203-01 | Chroma 19053 na COM2 @19200 | interlock COM11
[08:16:19.655576][OUT] [RUNTIME] Profile: amidala, sr203_sr204
[08:16:31.448721][OUT] [AUDIT] SESJA/LOGOWANIE operator=12101333
[08:16:37.169882][OUT] [AUDIT] PANEL/BLEDNE_HASLO pozostalo prob: 2
[08:16:40.586205][OUT] [AUDIT] PANEL/WEJSCIE operator=12101333
[08:30:10.005614][OUT] [AUDIT] PANEL/BLEDNE_HASLO pozostalo prob: 2
[08:30:13.556658][OUT] [AUDIT] PANEL/WEJSCIE operator=12101333
[08:55:30.170694][ERR] Traceback (most recent call last):
[08:55:30.180733][ERR]   File "C:\Users\kacper.urbanowicz\PycharmProjects\hipot_main_units\main.py", line 120, in <module>
[08:55:30.180733][ERR]     raise SystemExit(main())
[08:55:30.180733][ERR]                      ~~~~^^
[08:55:30.180861][ERR]   File "C:\Users\kacper.urbanowicz\PycharmProjects\hipot_main_units\main.py", line 115, in main
[08:55:30.180861][ERR]     root.mainloop()
[08:55:30.180861][ERR]     ~~~~~~~~~~~~~^^
[08:55:30.180912][ERR]   File "C:\Users\kacper.urbanowicz\AppData\Local\Programs\Python\Python313\Lib\tkinter\__init__.py", line 1599, in mainloop
[08:55:30.180912][ERR]     self.tk.mainloop(n)
[08:55:30.180912][ERR]     ~~~~~~~~~~~~~~~~^^^
[08:55:30.180979][ERR] KeyboardInterrupt

[08:55:30.459145][OUT] ========================================================================
[08:55:30.459333][OUT] [RUNTIME] Start sesji: 2026-08-20T08:55:30+02:00
[08:55:30.459375][OUT] [RUNTIME] PID: 50688
[08:55:30.459420][OUT] [RUNTIME] Python: 3.13.3 | frozen=False
[08:55:30.459454][OUT] [RUNTIME] Log: C:\Users\kacper.urbanowicz\PycharmProjects\hipot_main_units\app_runtime_logs\hipot_20260820.log
[08:55:30.459489][OUT] ========================================================================
[08:55:30.640680][OUT] [RUNTIME] Reconext Hi-Pot 2.0.0
[08:55:30.640769][OUT] [RUNTIME] Diagnostyka sesji: C:\Users\kacper.urbanowicz\PycharmProjects\hipot_main_units\app_runtime_logs\hipot_20260820.log
[08:55:30.654676][OUT] [RUNTIME] Stanowisko: HIPOT-SR203-01 | Chroma 19053 na COM2 @19200 | interlock COM11
[08:55:30.654840][OUT] [RUNTIME] Profile: amidala, sr203_sr204
[08:56:45.786071][OUT] [AUDIT] SESJA/LOGOWANIE operator=12101333
[08:57:39.923803][OUT] [AUDIT] PANEL/WEJSCIE operator=12101333

[12:58:12.451004][OUT] ========================================================================
[12:58:12.451291][OUT] [RUNTIME] Start sesji: 2026-08-20T12:58:12+02:00
[12:58:12.451338][OUT] [RUNTIME] PID: 86084
[12:58:12.451382][OUT] [RUNTIME] Python: 3.13.3 | frozen=False
[12:58:12.451429][OUT] [RUNTIME] Log: C:\Users\kacper.urbanowicz\PycharmProjects\hipot_main_units\app_runtime_logs\hipot_20260820.log
[12:58:12.451468][OUT] ========================================================================
[12:58:12.799561][OUT] [RUNTIME] Reconext Hi-Pot Main Units 1.0.0
[12:58:12.799705][OUT] [RUNTIME] Diagnostyka sesji: C:\Users\kacper.urbanowicz\PycharmProjects\hipot_main_units\app_runtime_logs\hipot_20260820.log
[12:58:12.837039][OUT] [RUNTIME] Stanowisko: HIPOT-SR203-01 | Chroma 19053 na COM2 @19200 | interlock COM11
[12:58:12.837149][OUT] [RUNTIME] Profile: amidala, sr203_sr204
[12:58:20.328866][OUT] [AUDIT] PANEL/WEJSCIE
[13:00:34.964591][OUT] [AUDIT] ZMIANA/PROFILE_AKTYWNE LISTA: ['sr203_sr204'] -> 'wszystkie'
[13:06:31.786690][OUT] [AUDIT] PANEL/WEJSCIE
