Traceback (most recent call last):
  File "C:\Users\kacper.urbanowicz\AppData\Local\Programs\Python\Python313\Lib\tkinter\__init__.py", line 2068, in __call__
    return self.func(*args)
           ~~~~~~~~~^^^^^^^
  File "C:\Users\kacper.urbanowicz\PycharmProjects\hipot_main_units\gui.py", line 655, in <lambda>
    entry.bind("<Return>", lambda event: check_password())
                                         ~~~~~~~~~~~~~~^^
  File "C:\Users\kacper.urbanowicz\PycharmProjects\hipot_main_units\gui.py", line 634, in check_password
    self._show_admin_panel()
    ~~~~~~~~~~~~~~~~~~~~~~^^
  File "C:\Users\kacper.urbanowicz\PycharmProjects\hipot_main_units\gui.py", line 682, in _show_admin_panel
    self.show_scan_screen()
    ~~~~~~~~~~~~~~~~~~~~~^^
  File "C:\Users\kacper.urbanowicz\PycharmProjects\hipot_main_units\gui.py", line 113, in show_scan_screen
    self._build_screen()
    ~~~~~~~~~~~~~~~~~~^^
  File "C:\Users\kacper.urbanowicz\PycharmProjects\hipot_main_units\gui.py", line 97, in _build_screen
    self._create_scan_panel(self.main_frame)
    ~~~~~~~~~~~~~~~~~~~~~~~^^^^^^^^^^^^^^^^^
  File "C:\Users\kacper.urbanowicz\PycharmProjects\hipot_main_units\gui.py", line 196, in _create_scan_panel
    self._create_profile_selector(panel)
    ~~~~~~~~~~~~~~~~~~~~~~~~~~~~~^^^^^^^
  File "C:\Users\kacper.urbanowicz\PycharmProjects\hipot_main_units\gui.py", line 313, in _create_profile_selector
    self._on_profile_selected()
    ~~~~~~~~~~~~~~~~~~~~~~~~~^^
  File "C:\Users\kacper.urbanowicz\PycharmProjects\hipot_main_units\gui.py", line 430, in _on_profile_selected
    self._set_serial_hint(
    ~~~~~~~~~~~~~~~~~~~~~^
        "Numer seryjny: "
        ^^^^^^^^^^^^^^^^^
        + " lub ".join(str(x) for x in profile.serial_lengths)
        ^^^^^^^^^^^^^^^^^^^^^^^^^^^^^^^^^^^^^^^^^^^^^^^^^^^^^^
        + " znaków (A-Z, 0-9)")
        ^^^^^^^^^^^^^^^^^^^^^^^
  File "C:\Users\kacper.urbanowicz\PycharmProjects\hipot_main_units\gui.py", line 457, in _set_serial_hint
    label.config(text=text)
    ~~~~~~~~~~~~^^^^^^^^^^^
  File "C:\Users\kacper.urbanowicz\AppData\Local\Programs\Python\Python313\Lib\tkinter\__init__.py", line 1822, in configure
    return self._configure('configure', cnf, kw)
           ~~~~~~~~~~~~~~~^^^^^^^^^^^^^^^^^^^^^^
  File "C:\Users\kacper.urbanowicz\AppData\Local\Programs\Python\Python313\Lib\tkinter\__init__.py", line 1812, in _configure
    self.tk.call(_flatten((self._w, cmd)) + self._options(cnf))
    ~~~~~~~~~~~~^^^^^^^^^^^^^^^^^^^^^^^^^^^^^^^^^^^^^^^^^^^^^^^
_tkinter.TclError: invalid command name ".!frame2.!frame.!frame.!label3"
